Analysis & Synthesis report for DE1_SoC
Mon Mar 06 00:07:59 2017
Quartus II 64-Bit Version 14.0.0 Build 200 06/17/2014 SJ Web Edition


---------------------
; Table of Contents ;
---------------------
  1. Legal Notice
  2. Analysis & Synthesis Summary
  3. Analysis & Synthesis Settings
  4. Parallel Compilation
  5. Analysis & Synthesis Source Files Read
  6. Analysis & Synthesis Resource Usage Summary
  7. Analysis & Synthesis Resource Utilization by Entity
  8. Registers Removed During Synthesis
  9. Removed Registers Triggering Further Register Optimizations
 10. General Register Statistics
 11. Inverted Register Statistics
 12. Multiplexer Restructuring Statistics (Restructuring Performed)
 13. Parameter Settings for User Entity Instance: Top-level Entity: |DE1_SoC
 14. Parameter Settings for User Entity Instance: lsfr:dut
 15. Parameter Settings for User Entity Instance: safeHex:eachHex[0].displayUnit
 16. Parameter Settings for User Entity Instance: safeHex:eachHex[1].displayUnit
 17. Parameter Settings for User Entity Instance: safeHex:eachHex[2].displayUnit
 18. Parameter Settings for User Entity Instance: safeHex:eachHex[3].displayUnit
 19. Parameter Settings for User Entity Instance: safeMarquee:hexd
 20. Port Connectivity Checks: "safeMarquee:hexd"
 21. Port Connectivity Checks: "clock_divider:cdiv"
 22. Post-Synthesis Netlist Statistics for Top Partition
 23. Elapsed Time Per Partition
 24. Analysis & Synthesis Messages
 25. Analysis & Synthesis Suppressed Messages



----------------
; Legal Notice ;
----------------
Copyright (C) 1991-2014 Altera Corporation. All rights reserved.
Your use of Altera Corporation's design tools, logic functions 
and other software and tools, and its AMPP partner logic 
functions, and any output files from any of the foregoing 
(including device programming or simulation files), and any 
associated documentation or information are expressly subject 
to the terms and conditions of the Altera Program License 
Subscription Agreement, the Altera Quartus II License Agreement,
the Altera MegaCore Function License Agreement, or other 
applicable license agreement, including, without limitation, 
that your use is for the sole purpose of programming logic 
devices manufactured by Altera and sold by Altera or its 
authorized distributors.  Please refer to the applicable 
agreement for further details.



+------------------------------------------------------------------------------+
; Analysis & Synthesis Summary                                                 ;
+---------------------------------+--------------------------------------------+
; Analysis & Synthesis Status     ; Successful - Mon Mar 06 00:07:58 2017      ;
; Quartus II 64-Bit Version       ; 14.0.0 Build 200 06/17/2014 SJ Web Edition ;
; Revision Name                   ; DE1_SoC                                    ;
; Top-level Entity Name           ; DE1_SoC                                    ;
; Family                          ; Cyclone V                                  ;
; Logic utilization (in ALMs)     ; N/A                                        ;
; Total registers                 ; 316                                        ;
; Total pins                      ; 67                                         ;
; Total virtual pins              ; 0                                          ;
; Total block memory bits         ; 0                                          ;
; Total DSP Blocks                ; 0                                          ;
; Total HSSI RX PCSs              ; 0                                          ;
; Total HSSI PMA RX Deserializers ; 0                                          ;
; Total HSSI TX PCSs              ; 0                                          ;
; Total HSSI PMA TX Serializers   ; 0                                          ;
; Total PLLs                      ; 0                                          ;
; Total DLLs                      ; 0                                          ;
+---------------------------------+--------------------------------------------+


+---------------------------------------------------------------------------------------------------------------------------+
; Analysis & Synthesis Settings                                                                                             ;
+---------------------------------------------------------------------------------+--------------------+--------------------+
; Option                                                                          ; Setting            ; Default Value      ;
+---------------------------------------------------------------------------------+--------------------+--------------------+
; Device                                                                          ; 5CSEMA5F31C6       ;                    ;
; Top-level entity name                                                           ; DE1_SoC            ; DE1_SoC            ;
; Family name                                                                     ; Cyclone V          ; Cyclone IV GX      ;
; State Machine Processing                                                        ; User-Encoded       ; Auto               ;
; Use smart compilation                                                           ; Off                ; Off                ;
; Enable parallel Assembler and TimeQuest Timing Analyzer during compilation      ; On                 ; On                 ;
; Enable compact report table                                                     ; Off                ; Off                ;
; Restructure Multiplexers                                                        ; Auto               ; Auto               ;
; MLAB Add Timing Constraints For Mixed-Port Feed-Through Mode Setting Don't Care ; Off                ; Off                ;
; Create Debugging Nodes for IP Cores                                             ; Off                ; Off                ;
; Preserve fewer node names                                                       ; On                 ; On                 ;
; Disable OpenCore Plus hardware evaluation                                       ; Off                ; Off                ;
; Verilog Version                                                                 ; Verilog_2001       ; Verilog_2001       ;
; VHDL Version                                                                    ; VHDL_1993          ; VHDL_1993          ;
; Safe State Machine                                                              ; Off                ; Off                ;
; Extract Verilog State Machines                                                  ; On                 ; On                 ;
; Extract VHDL State Machines                                                     ; On                 ; On                 ;
; Ignore Verilog initial constructs                                               ; Off                ; Off                ;
; Iteration limit for constant Verilog loops                                      ; 5000               ; 5000               ;
; Iteration limit for non-constant Verilog loops                                  ; 250                ; 250                ;
; Add Pass-Through Logic to Inferred RAMs                                         ; On                 ; On                 ;
; Infer RAMs from Raw Logic                                                       ; On                 ; On                 ;
; Parallel Synthesis                                                              ; On                 ; On                 ;
; DSP Block Balancing                                                             ; Auto               ; Auto               ;
; NOT Gate Push-Back                                                              ; On                 ; On                 ;
; Power-Up Don't Care                                                             ; On                 ; On                 ;
; Remove Redundant Logic Cells                                                    ; Off                ; Off                ;
; Remove Duplicate Registers                                                      ; On                 ; On                 ;
; Ignore CARRY Buffers                                                            ; Off                ; Off                ;
; Ignore CASCADE Buffers                                                          ; Off                ; Off                ;
; Ignore GLOBAL Buffers                                                           ; Off                ; Off                ;
; Ignore ROW GLOBAL Buffers                                                       ; Off                ; Off                ;
; Ignore LCELL Buffers                                                            ; Off                ; Off                ;
; Ignore SOFT Buffers                                                             ; On                 ; On                 ;
; Limit AHDL Integers to 32 Bits                                                  ; Off                ; Off                ;
; Optimization Technique                                                          ; Balanced           ; Balanced           ;
; Carry Chain Length                                                              ; 70                 ; 70                 ;
; Auto Carry Chains                                                               ; On                 ; On                 ;
; Auto Open-Drain Pins                                                            ; On                 ; On                 ;
; Perform WYSIWYG Primitive Resynthesis                                           ; Off                ; Off                ;
; Auto ROM Replacement                                                            ; On                 ; On                 ;
; Auto RAM Replacement                                                            ; On                 ; On                 ;
; Auto DSP Block Replacement                                                      ; On                 ; On                 ;
; Auto Shift Register Replacement                                                 ; Auto               ; Auto               ;
; Allow Shift Register Merging across Hierarchies                                 ; Auto               ; Auto               ;
; Auto Clock Enable Replacement                                                   ; On                 ; On                 ;
; Strict RAM Replacement                                                          ; Off                ; Off                ;
; Allow Synchronous Control Signals                                               ; On                 ; On                 ;
; Force Use of Synchronous Clear Signals                                          ; Off                ; Off                ;
; Auto Resource Sharing                                                           ; Off                ; Off                ;
; Allow Any RAM Size For Recognition                                              ; Off                ; Off                ;
; Allow Any ROM Size For Recognition                                              ; Off                ; Off                ;
; Allow Any Shift Register Size For Recognition                                   ; Off                ; Off                ;
; Use LogicLock Constraints during Resource Balancing                             ; On                 ; On                 ;
; Ignore translate_off and synthesis_off directives                               ; Off                ; Off                ;
; Timing-Driven Synthesis                                                         ; On                 ; On                 ;
; Report Parameter Settings                                                       ; On                 ; On                 ;
; Report Source Assignments                                                       ; On                 ; On                 ;
; Report Connectivity Checks                                                      ; On                 ; On                 ;
; Ignore Maximum Fan-Out Assignments                                              ; Off                ; Off                ;
; Synchronization Register Chain Length                                           ; 3                  ; 3                  ;
; PowerPlay Power Optimization                                                    ; Normal compilation ; Normal compilation ;
; HDL message level                                                               ; Level2             ; Level2             ;
; Suppress Register Optimization Related Messages                                 ; Off                ; Off                ;
; Number of Removed Registers Reported in Synthesis Report                        ; 5000               ; 5000               ;
; Number of Swept Nodes Reported in Synthesis Report                              ; 5000               ; 5000               ;
; Number of Inverted Registers Reported in Synthesis Report                       ; 100                ; 100                ;
; Clock MUX Protection                                                            ; On                 ; On                 ;
; Auto Gated Clock Conversion                                                     ; Off                ; Off                ;
; Block Design Naming                                                             ; Auto               ; Auto               ;
; SDC constraint protection                                                       ; Off                ; Off                ;
; Synthesis Effort                                                                ; Auto               ; Auto               ;
; Shift Register Replacement - Allow Asynchronous Clear Signal                    ; On                 ; On                 ;
; Pre-Mapping Resynthesis Optimization                                            ; Off                ; Off                ;
; Analysis & Synthesis Message Level                                              ; Medium             ; Medium             ;
; Disable Register Merging Across Hierarchies                                     ; Auto               ; Auto               ;
; Resource Aware Inference For Block RAM                                          ; On                 ; On                 ;
; Synthesis Seed                                                                  ; 1                  ; 1                  ;
; Automatic Parallel Synthesis                                                    ; On                 ; On                 ;
; Partial Reconfiguration Bitstream ID                                            ; Off                ; Off                ;
+---------------------------------------------------------------------------------+--------------------+--------------------+


+------------------------------------------+
; Parallel Compilation                     ;
+----------------------------+-------------+
; Processors                 ; Number      ;
+----------------------------+-------------+
; Number detected on machine ; 8           ;
; Maximum allowed            ; 4           ;
;                            ;             ;
; Average used               ; 1.00        ;
; Maximum used               ; 1           ;
;                            ;             ;
; Usage by Processor         ; % Time Used ;
;     Processor 1            ; 100.0%      ;
;     Processors 2-8         ;   0.0%      ;
+----------------------------+-------------+


+----------------------------------------------------------------------------------------------------------------------------------------------------+
; Analysis & Synthesis Source Files Read                                                                                                             ;
+----------------------------------+-----------------+------------------------------+------------------------------------------------------+---------+
; File Name with User-Entered Path ; Used in Netlist ; File Type                    ; File Name with Absolute Path                         ; Library ;
+----------------------------------+-----------------+------------------------------+------------------------------------------------------+---------+
; DE1_SoC.sv                       ; yes             ; User SystemVerilog HDL File  ; C:/Users/hpadmin/workspace/ee271lab/DE1_SoC.sv       ;         ;
; seg7.sv                          ; yes             ; User SystemVerilog HDL File  ; C:/Users/hpadmin/workspace/ee271lab/seg7.sv          ;         ;
; lsfr.sv                          ; yes             ; User SystemVerilog HDL File  ; C:/Users/hpadmin/workspace/ee271lab/lsfr.sv          ;         ;
; scrollHex.sv                     ; yes             ; User SystemVerilog HDL File  ; C:/Users/hpadmin/workspace/ee271lab/scrollHex.sv     ;         ;
; keyHandle.sv                     ; yes             ; User SystemVerilog HDL File  ; C:/Users/hpadmin/workspace/ee271lab/keyHandle.sv     ;         ;
; decoder2_4.sv                    ; yes             ; User SystemVerilog HDL File  ; C:/Users/hpadmin/workspace/ee271lab/decoder2_4.sv    ;         ;
; numHex.sv                        ; yes             ; User SystemVerilog HDL File  ; C:/Users/hpadmin/workspace/ee271lab/numHex.sv        ;         ;
; safeHex.sv                       ; yes             ; User SystemVerilog HDL File  ; C:/Users/hpadmin/workspace/ee271lab/safeHex.sv       ;         ;
; segEncoder7_4.sv                 ; yes             ; User SystemVerilog HDL File  ; C:/Users/hpadmin/workspace/ee271lab/segEncoder7_4.sv ;         ;
; evalSafe.sv                      ; yes             ; User SystemVerilog HDL File  ; C:/Users/hpadmin/workspace/ee271lab/evalSafe.sv      ;         ;
; evalEncoder.sv                   ; yes             ; User SystemVerilog HDL File  ; C:/Users/hpadmin/workspace/ee271lab/evalEncoder.sv   ;         ;
; safeMarquee.sv                   ; yes             ; User SystemVerilog HDL File  ; C:/Users/hpadmin/workspace/ee271lab/safeMarquee.sv   ;         ;
; stutter16.sv                     ; yes             ; User SystemVerilog HDL File  ; C:/Users/hpadmin/workspace/ee271lab/stutter16.sv     ;         ;
+----------------------------------+-----------------+------------------------------+------------------------------------------------------+---------+


+------------------------------------------------------------------------------------+
; Analysis & Synthesis Resource Usage Summary                                        ;
+---------------------------------------------+--------------------------------------+
; Resource                                    ; Usage                                ;
+---------------------------------------------+--------------------------------------+
; Estimate of Logic utilization (ALMs needed) ; 216                                  ;
;                                             ;                                      ;
; Combinational ALUT usage for logic          ; 332                                  ;
;     -- 7 input functions                    ; 0                                    ;
;     -- 6 input functions                    ; 34                                   ;
;     -- 5 input functions                    ; 157                                  ;
;     -- 4 input functions                    ; 30                                   ;
;     -- <=3 input functions                  ; 111                                  ;
;                                             ;                                      ;
; Dedicated logic registers                   ; 316                                  ;
;                                             ;                                      ;
; I/O pins                                    ; 67                                   ;
; Total DSP Blocks                            ; 0                                    ;
; Maximum fan-out node                        ; clock_divider:cdiv|divided_clocks[8] ;
; Maximum fan-out                             ; 308                                  ;
; Total fan-out                               ; 2667                                 ;
; Average fan-out                             ; 3.41                                 ;
+---------------------------------------------+--------------------------------------+


+----------------------------------------------------------------------------------------------------------------------------------------------------------------------------------------------------+
; Analysis & Synthesis Resource Utilization by Entity                                                                                                                                                ;
+-------------------------------------------+-------------------+--------------+-------------------+------------+------+--------------+-----------------------------------------------+--------------+
; Compilation Hierarchy Node                ; LC Combinationals ; LC Registers ; Block Memory Bits ; DSP Blocks ; Pins ; Virtual Pins ; Full Hierarchy Name                           ; Library Name ;
+-------------------------------------------+-------------------+--------------+-------------------+------------+------+--------------+-----------------------------------------------+--------------+
; |DE1_SoC                                  ; 332 (21)          ; 316 (17)     ; 0                 ; 0          ; 67   ; 0            ; |DE1_SoC                                      ; work         ;
;    |clock_divider:cdiv|                   ; 9 (9)             ; 9 (9)        ; 0                 ; 0          ; 0    ; 0            ; |DE1_SoC|clock_divider:cdiv                   ; work         ;
;    |evalSafe:checker|                     ; 28 (28)           ; 0 (0)        ; 0                 ; 0          ; 0    ; 0            ; |DE1_SoC|evalSafe:checker                     ; work         ;
;    |keyHandle:LeftScroll|                 ; 1 (1)             ; 3 (3)        ; 0                 ; 0          ; 0    ; 0            ; |DE1_SoC|keyHandle:LeftScroll                 ; work         ;
;    |keyHandle:RightScroll|                ; 1 (1)             ; 3 (3)        ; 0                 ; 0          ; 0    ; 0            ; |DE1_SoC|keyHandle:RightScroll                ; work         ;
;    |keyHandle:subKey|                     ; 1 (1)             ; 3 (3)        ; 0                 ; 0          ; 0    ; 0            ; |DE1_SoC|keyHandle:subKey                     ; work         ;
;    |lsfr:dut|                             ; 7 (7)             ; 8 (8)        ; 0                 ; 0          ; 0    ; 0            ; |DE1_SoC|lsfr:dut                             ; work         ;
;    |safeHex:eachHex[0].displayUnit|       ; 6 (6)             ; 5 (5)        ; 0                 ; 0          ; 0    ; 0            ; |DE1_SoC|safeHex:eachHex[0].displayUnit       ; work         ;
;    |safeHex:eachHex[1].displayUnit|       ; 6 (6)             ; 5 (5)        ; 0                 ; 0          ; 0    ; 0            ; |DE1_SoC|safeHex:eachHex[1].displayUnit       ; work         ;
;    |safeHex:eachHex[2].displayUnit|       ; 6 (6)             ; 5 (5)        ; 0                 ; 0          ; 0    ; 0            ; |DE1_SoC|safeHex:eachHex[2].displayUnit       ; work         ;
;    |safeHex:eachHex[3].displayUnit|       ; 6 (6)             ; 5 (5)        ; 0                 ; 0          ; 0    ; 0            ; |DE1_SoC|safeHex:eachHex[3].displayUnit       ; work         ;
;    |safeMarquee:hexd|                     ; 230 (209)         ; 251 (235)    ; 0                 ; 0          ; 0    ; 0            ; |DE1_SoC|safeMarquee:hexd                     ; work         ;
;       |stutter16:st|                      ; 21 (21)           ; 16 (16)      ; 0                 ; 0          ; 0    ; 0            ; |DE1_SoC|safeMarquee:hexd|stutter16:st        ; work         ;
;    |scrollHex:scrl|                       ; 2 (2)             ; 2 (2)        ; 0                 ; 0          ; 0    ; 0            ; |DE1_SoC|scrollHex:scrl                       ; work         ;
;    |segEncoder7_4:eachVal[0].encoderUnit| ; 2 (2)             ; 0 (0)        ; 0                 ; 0          ; 0    ; 0            ; |DE1_SoC|segEncoder7_4:eachVal[0].encoderUnit ; work         ;
;    |segEncoder7_4:eachVal[1].encoderUnit| ; 2 (2)             ; 0 (0)        ; 0                 ; 0          ; 0    ; 0            ; |DE1_SoC|segEncoder7_4:eachVal[1].encoderUnit ; work         ;
;    |segEncoder7_4:eachVal[2].encoderUnit| ; 2 (2)             ; 0 (0)        ; 0                 ; 0          ; 0    ; 0            ; |DE1_SoC|segEncoder7_4:eachVal[2].encoderUnit ; work         ;
;    |segEncoder7_4:eachVal[3].encoderUnit| ; 2 (2)             ; 0 (0)        ; 0                 ; 0          ; 0    ; 0            ; |DE1_SoC|segEncoder7_4:eachVal[3].encoderUnit ; work         ;
+-------------------------------------------+-------------------+--------------+-------------------+------------+------+--------------+-----------------------------------------------+--------------+
Note: For table entries with two numbers listed, the numbers in parentheses indicate the number of resources of the given type used by the specific entity alone. The numbers listed outside of parentheses indicate the total resources of the given type used by the specific entity and all of its sub-entities in the hierarchy.


+---------------------------------------------------------------------------------------------+
; Registers Removed During Synthesis                                                          ;
+------------------------------------------+--------------------------------------------------+
; Register name                            ; Reason for Removal                               ;
+------------------------------------------+--------------------------------------------------+
; keyHandle:subKey|ps[1..31]               ; Stuck at GND due to stuck port data_in           ;
; keyHandle:RightScroll|ps[1..31]          ; Stuck at GND due to stuck port data_in           ;
; keyHandle:LeftScroll|ps[1..31]           ; Stuck at GND due to stuck port data_in           ;
; totalCorrect[3]                          ; Merged with totalMisplaced[3]                    ;
; scrollHex:scrl|ps[2..25,27..31]          ; Merged with scrollHex:scrl|ps[26]                ;
; safeHex:eachHex[3].displayUnit|ps[3]     ; Merged with safeHex:eachHex[3].displayUnit|ps[0] ;
; safeHex:eachHex[2].displayUnit|ps[3]     ; Merged with safeHex:eachHex[2].displayUnit|ps[0] ;
; safeHex:eachHex[1].displayUnit|ps[3]     ; Merged with safeHex:eachHex[1].displayUnit|ps[0] ;
; safeHex:eachHex[0].displayUnit|ps[3]     ; Merged with safeHex:eachHex[0].displayUnit|ps[0] ;
; totalMisplaced[3]                        ; Stuck at GND due to stuck port data_in           ;
; safeHex:eachHex[3].displayUnit|ps[1]     ; Stuck at GND due to stuck port data_in           ;
; safeHex:eachHex[2].displayUnit|ps[1]     ; Stuck at GND due to stuck port data_in           ;
; safeHex:eachHex[1].displayUnit|ps[1]     ; Stuck at GND due to stuck port data_in           ;
; safeHex:eachHex[0].displayUnit|ps[1]     ; Stuck at GND due to stuck port data_in           ;
; scrollHex:scrl|ps[26]                    ; Stuck at GND due to stuck port data_in           ;
; clock_divider:cdiv|divided_clocks[9..31] ; Lost fanout                                      ;
; Total Number of Removed Registers = 156  ;                                                  ;
+------------------------------------------+--------------------------------------------------+


+---------------------------------------------------------------------------------------------------------------------------------------+
; Removed Registers Triggering Further Register Optimizations                                                                           ;
+-----------------------------+---------------------------+-----------------------------------------------------------------------------+
; Register name               ; Reason for Removal        ; Registers Removed due to This Register                                      ;
+-----------------------------+---------------------------+-----------------------------------------------------------------------------+
; keyHandle:RightScroll|ps[1] ; Stuck at GND              ; safeHex:eachHex[3].displayUnit|ps[1], safeHex:eachHex[2].displayUnit|ps[1], ;
;                             ; due to stuck port data_in ; safeHex:eachHex[1].displayUnit|ps[1], scrollHex:scrl|ps[26]                 ;
; keyHandle:subKey|ps[1]      ; Stuck at GND              ; totalMisplaced[3]                                                           ;
;                             ; due to stuck port data_in ;                                                                             ;
+-----------------------------+---------------------------+-----------------------------------------------------------------------------+


+------------------------------------------------------+
; General Register Statistics                          ;
+----------------------------------------------+-------+
; Statistic                                    ; Value ;
+----------------------------------------------+-------+
; Total registers                              ; 316   ;
; Number of registers using Synchronous Clear  ; 135   ;
; Number of registers using Synchronous Load   ; 133   ;
; Number of registers using Asynchronous Clear ; 0     ;
; Number of registers using Asynchronous Load  ; 0     ;
; Number of registers using Clock Enable       ; 249   ;
; Number of registers using Preset             ; 0     ;
+----------------------------------------------+-------+


+--------------------------------------------------+
; Inverted Register Statistics                     ;
+----------------------------------------+---------+
; Inverted Register                      ; Fan out ;
+----------------------------------------+---------+
; lsfr:dut|q[1]                          ; 5       ;
; lsfr:dut|q[3]                          ; 6       ;
; lsfr:dut|q[4]                          ; 6       ;
; lsfr:dut|q[6]                          ; 5       ;
; Total number of inverted registers = 4 ;         ;
+----------------------------------------+---------+


+--------------------------------------------------------------------------------------------------------------------------------------------------------------------------+
; Multiplexer Restructuring Statistics (Restructuring Performed)                                                                                                           ;
+--------------------+-----------+---------------+----------------------+------------------------+------------+------------------------------------------------------------+
; Multiplexer Inputs ; Bus Width ; Baseline Area ; Area if Restructured ; Saving if Restructured ; Registered ; Example Multiplexer Output                                 ;
+--------------------+-----------+---------------+----------------------+------------------------+------------+------------------------------------------------------------+
; 3:1                ; 16 bits   ; 32 LEs        ; 0 LEs                ; 32 LEs                 ; Yes        ; |DE1_SoC|safeMarquee:hexd|stutter16:st|ps[12]              ;
; 3:1                ; 6 bits    ; 12 LEs        ; 6 LEs                ; 6 LEs                  ; Yes        ; |DE1_SoC|totalCorrect[2]                                   ;
; 5:1                ; 2 bits    ; 6 LEs         ; 2 LEs                ; 4 LEs                  ; Yes        ; |DE1_SoC|safeMarquee:hexd|display[0][0]                    ;
; 5:1                ; 5 bits    ; 15 LEs        ; 5 LEs                ; 10 LEs                 ; Yes        ; |DE1_SoC|safeMarquee:hexd|display[0][3]                    ;
; 5:1                ; 4 bits    ; 12 LEs        ; 8 LEs                ; 4 LEs                  ; Yes        ; |DE1_SoC|attempts[0][1]                                    ;
; 5:1                ; 4 bits    ; 12 LEs        ; 4 LEs                ; 8 LEs                  ; Yes        ; |DE1_SoC|attempts[1][2]                                    ;
; 6:1                ; 3 bits    ; 12 LEs        ; 3 LEs                ; 9 LEs                  ; Yes        ; |DE1_SoC|safeMarquee:hexd|display[28][2]                   ;
; 6:1                ; 4 bits    ; 16 LEs        ; 4 LEs                ; 12 LEs                 ; Yes        ; |DE1_SoC|safeMarquee:hexd|display[28][5]                   ;
; 8:1                ; 68 bits   ; 340 LEs       ; 136 LEs              ; 204 LEs                ; Yes        ; |DE1_SoC|safeMarquee:hexd|display[22][6]                   ;
; 8:1                ; 28 bits   ; 140 LEs       ; 56 LEs               ; 84 LEs                 ; Yes        ; |DE1_SoC|safeMarquee:hexd|display[10][3]                   ;
; 8:1                ; 4 bits    ; 20 LEs        ; 8 LEs                ; 12 LEs                 ; Yes        ; |DE1_SoC|safeMarquee:hexd|display[7][1]                    ;
; 8:1                ; 32 bits   ; 160 LEs       ; 0 LEs                ; 160 LEs                ; Yes        ; |DE1_SoC|safeMarquee:hexd|j[21]                            ;
; 8:1                ; 65 bits   ; 325 LEs       ; 0 LEs                ; 325 LEs                ; Yes        ; |DE1_SoC|safeMarquee:hexd|display[18][6]                   ;
; 14:1               ; 6 bits    ; 54 LEs        ; 36 LEs               ; 18 LEs                 ; Yes        ; |DE1_SoC|safeMarquee:hexd|display[12][3]                   ;
; 14:1               ; 6 bits    ; 54 LEs        ; 36 LEs               ; 18 LEs                 ; Yes        ; |DE1_SoC|safeMarquee:hexd|display[11][6]                   ;
; 14:1               ; 2 bits    ; 18 LEs        ; 10 LEs               ; 8 LEs                  ; Yes        ; |DE1_SoC|safeMarquee:hexd|display[24][4]                   ;
; 14:1               ; 2 bits    ; 18 LEs        ; 10 LEs               ; 8 LEs                  ; Yes        ; |DE1_SoC|safeMarquee:hexd|display[23][4]                   ;
; 16:1               ; 4 bits    ; 40 LEs        ; 24 LEs               ; 16 LEs                 ; Yes        ; |DE1_SoC|safeMarquee:hexd|display[24][5]                   ;
; 16:1               ; 4 bits    ; 40 LEs        ; 24 LEs               ; 16 LEs                 ; Yes        ; |DE1_SoC|safeMarquee:hexd|display[23][5]                   ;
; 3:1                ; 2 bits    ; 4 LEs         ; 4 LEs                ; 0 LEs                  ; No         ; |DE1_SoC|safeHex:eachHex[3].displayUnit|numHex:unit|out[2] ;
; 3:1                ; 2 bits    ; 4 LEs         ; 4 LEs                ; 0 LEs                  ; No         ; |DE1_SoC|scrollHex:scrl|out[0]                             ;
+--------------------+-----------+---------------+----------------------+------------------------+------------+------------------------------------------------------------+


+-------------------------------------------------------------------------+
; Parameter Settings for User Entity Instance: Top-level Entity: |DE1_SoC ;
+----------------+-------+------------------------------------------------+
; Parameter Name ; Value ; Type                                           ;
+----------------+-------+------------------------------------------------+
; whichClock     ; 8     ; Signed Integer                                 ;
+----------------+-------+------------------------------------------------+
Note: In order to hide this table in the UI and the text report file, please set the "Show Parameter Settings in Synthesis Report" option in "Analysis and Synthesis Settings -> More Settings" to "Off".


+-------------------------------------------------------+
; Parameter Settings for User Entity Instance: lsfr:dut ;
+----------------+-------+------------------------------+
; Parameter Name ; Value ; Type                         ;
+----------------+-------+------------------------------+
; WIDTH          ; 8     ; Signed Integer               ;
; x1             ; 7     ; Signed Integer               ;
; x2             ; 5     ; Signed Integer               ;
; x3             ; 4     ; Signed Integer               ;
; x4             ; 3     ; Signed Integer               ;
+----------------+-------+------------------------------+
Note: In order to hide this table in the UI and the text report file, please set the "Show Parameter Settings in Synthesis Report" option in "Analysis and Synthesis Settings -> More Settings" to "Off".


+-----------------------------------------------------------------------------+
; Parameter Settings for User Entity Instance: safeHex:eachHex[0].displayUnit ;
+----------------+---------+--------------------------------------------------+
; Parameter Name ; Value   ; Type                                             ;
+----------------+---------+--------------------------------------------------+
; flash          ; 1111111 ; Unsigned Binary                                  ;
; zero           ; 1000000 ; Unsigned Binary                                  ;
+----------------+---------+--------------------------------------------------+
Note: In order to hide this table in the UI and the text report file, please set the "Show Parameter Settings in Synthesis Report" option in "Analysis and Synthesis Settings -> More Settings" to "Off".


+-----------------------------------------------------------------------------+
; Parameter Settings for User Entity Instance: safeHex:eachHex[1].displayUnit ;
+----------------+---------+--------------------------------------------------+
; Parameter Name ; Value   ; Type                                             ;
+----------------+---------+--------------------------------------------------+
; flash          ; 1111111 ; Unsigned Binary                                  ;
; zero           ; 1000000 ; Unsigned Binary                                  ;
+----------------+---------+--------------------------------------------------+
Note: In order to hide this table in the UI and the text report file, please set the "Show Parameter Settings in Synthesis Report" option in "Analysis and Synthesis Settings -> More Settings" to "Off".


+-----------------------------------------------------------------------------+
; Parameter Settings for User Entity Instance: safeHex:eachHex[2].displayUnit ;
+----------------+---------+--------------------------------------------------+
; Parameter Name ; Value   ; Type                                             ;
+----------------+---------+--------------------------------------------------+
; flash          ; 1111111 ; Unsigned Binary                                  ;
; zero           ; 1000000 ; Unsigned Binary                                  ;
+----------------+---------+--------------------------------------------------+
Note: In order to hide this table in the UI and the text report file, please set the "Show Parameter Settings in Synthesis Report" option in "Analysis and Synthesis Settings -> More Settings" to "Off".


+-----------------------------------------------------------------------------+
; Parameter Settings for User Entity Instance: safeHex:eachHex[3].displayUnit ;
+----------------+---------+--------------------------------------------------+
; Parameter Name ; Value   ; Type                                             ;
+----------------+---------+--------------------------------------------------+
; flash          ; 1111111 ; Unsigned Binary                                  ;
; zero           ; 1000000 ; Unsigned Binary                                  ;
+----------------+---------+--------------------------------------------------+
Note: In order to hide this table in the UI and the text report file, please set the "Show Parameter Settings in Synthesis Report" option in "Analysis and Synthesis Settings -> More Settings" to "Off".


+---------------------------------------------------------------+
; Parameter Settings for User Entity Instance: safeMarquee:hexd ;
+----------------+---------+------------------------------------+
; Parameter Name ; Value   ; Type                               ;
+----------------+---------+------------------------------------+
; space          ; 1111111 ; Unsigned Binary                    ;
+----------------+---------+------------------------------------+
Note: In order to hide this table in the UI and the text report file, please set the "Show Parameter Settings in Synthesis Report" option in "Analysis and Synthesis Settings -> More Settings" to "Off".


+---------------------------------------------------------------------------------------------------------------------------+
; Port Connectivity Checks: "safeMarquee:hexd"                                                                              ;
+-----------------+--------+----------+-------------------------------------------------------------------------------------+
; Port            ; Type   ; Severity ; Details                                                                             ;
+-----------------+--------+----------+-------------------------------------------------------------------------------------+
; display[28..13] ; Output ; Info     ; Connected to dangling logic. Logic that only feeds a dangling port will be removed. ;
; display[6..0]   ; Output ; Info     ; Connected to dangling logic. Logic that only feeds a dangling port will be removed. ;
+-----------------+--------+----------+-------------------------------------------------------------------------------------+


+---------------------------------------------------------------------------------------------------------------------------------+
; Port Connectivity Checks: "clock_divider:cdiv"                                                                                  ;
+-----------------------+--------+----------+-------------------------------------------------------------------------------------+
; Port                  ; Type   ; Severity ; Details                                                                             ;
+-----------------------+--------+----------+-------------------------------------------------------------------------------------+
; divided_clocks[31..9] ; Output ; Info     ; Connected to dangling logic. Logic that only feeds a dangling port will be removed. ;
; divided_clocks[7..0]  ; Output ; Info     ; Connected to dangling logic. Logic that only feeds a dangling port will be removed. ;
+-----------------------+--------+----------+-------------------------------------------------------------------------------------+


+-----------------------------------------------------+
; Post-Synthesis Netlist Statistics for Top Partition ;
+-----------------------+-----------------------------+
; Type                  ; Count                       ;
+-----------------------+-----------------------------+
; arriav_ff             ; 316                         ;
;     ENA               ; 84                          ;
;     ENA SCLR          ; 32                          ;
;     ENA SCLR SLD      ; 65                          ;
;     ENA SLD           ; 68                          ;
;     SCLR              ; 38                          ;
;     plain             ; 29                          ;
; arriav_lcell_comb     ; 333                         ;
;     arith             ; 56                          ;
;         1 data inputs ; 55                          ;
;         2 data inputs ; 1                           ;
;     normal            ; 277                         ;
;         0 data inputs ; 1                           ;
;         1 data inputs ; 10                          ;
;         2 data inputs ; 20                          ;
;         3 data inputs ; 25                          ;
;         4 data inputs ; 30                          ;
;         5 data inputs ; 157                         ;
;         6 data inputs ; 34                          ;
; boundary_port         ; 67                          ;
;                       ;                             ;
; Max LUT depth         ; 7.00                        ;
; Average LUT depth     ; 2.56                        ;
+-----------------------+-----------------------------+


+-------------------------------+
; Elapsed Time Per Partition    ;
+----------------+--------------+
; Partition Name ; Elapsed Time ;
+----------------+--------------+
; Top            ; 00:00:01     ;
+----------------+--------------+


+-------------------------------+
; Analysis & Synthesis Messages ;
+-------------------------------+
Info: *******************************************************************
Info: Running Quartus II 64-Bit Analysis & Synthesis
    Info: Version 14.0.0 Build 200 06/17/2014 SJ Web Edition
    Info: Processing started: Mon Mar 06 00:07:55 2017
Info: Command: quartus_map --read_settings_files=on --write_settings_files=off DE1_SoC -c DE1_SoC
Info (11104): Parallel Compilation has detected 8 hyper-threaded processors. However, the extra hyper-threaded processors will not be used by default. Parallel Compilation will use 4 of the 4 physical processors detected instead.
Info (12021): Found 2 design units, including 2 entities, in source file mux2_1.sv
    Info (12023): Found entity 1: mux2_1
    Info (12023): Found entity 2: mux2_1_testbench
Info (12021): Found 2 design units, including 2 entities, in source file mux4_1.sv
    Info (12023): Found entity 1: mux4_1
    Info (12023): Found entity 2: mux4_1_testbench
Info (12021): Found 3 design units, including 3 entities, in source file de1_soc.sv
    Info (12023): Found entity 1: DE1_SoC
    Info (12023): Found entity 2: clock_divider
    Info (12023): Found entity 3: DE1_SoC_testbench
Info (12021): Found 2 design units, including 2 entities, in source file digit_scan.sv
    Info (12023): Found entity 1: digit_scan
    Info (12023): Found entity 2: digit_scan_testbench
Info (12021): Found 2 design units, including 2 entities, in source file discounted.sv
    Info (12023): Found entity 1: discounted
    Info (12023): Found entity 2: discounted_testbench
Info (12021): Found 2 design units, including 2 entities, in source file stolen.sv
    Info (12023): Found entity 1: stolen
    Info (12023): Found entity 2: stolen_testbench
Info (12021): Found 2 design units, including 2 entities, in source file register.sv
    Info (12023): Found entity 1: register
    Info (12023): Found entity 2: register_testbench
Info (12021): Found 1 design units, including 1 entities, in source file seg7.sv
    Info (12023): Found entity 1: seg7
Info (12021): Found 2 design units, including 2 entities, in source file digitdisplay.sv
    Info (12023): Found entity 1: digitDisplay
    Info (12023): Found entity 2: digitDisplay_testbench
Info (12021): Found 2 design units, including 2 entities, in source file storedisplay.sv
    Info (12023): Found entity 1: storeDisplay
    Info (12023): Found entity 2: storeDisplay_testbench
Info (12021): Found 2 design units, including 2 entities, in source file simple.sv
    Info (12023): Found entity 1: simple
    Info (12023): Found entity 2: simple_testbench
Info (12021): Found 2 design units, including 2 entities, in source file airport.sv
    Info (12023): Found entity 1: airport
    Info (12023): Found entity 2: airport_testbench
Info (12021): Found 2 design units, including 2 entities, in source file tow_delegator.sv
    Info (12023): Found entity 1: tow_delegator
    Info (12023): Found entity 2: tow_delegator_testbench
Info (12021): Found 2 design units, including 2 entities, in source file tow_input.sv
    Info (12023): Found entity 1: tow_input
    Info (12023): Found entity 2: tow_input_testbench
Info (12021): Found 2 design units, including 2 entities, in source file tow_score.sv
    Info (12023): Found entity 1: tow_score
    Info (12023): Found entity 2: tow_score_testbench
Info (12021): Found 2 design units, including 2 entities, in source file lsfr.sv
    Info (12023): Found entity 1: lsfr
    Info (12023): Found entity 2: lsfr_testbench
Info (12021): Found 2 design units, including 2 entities, in source file bitcompare.sv
    Info (12023): Found entity 1: bitcompare
    Info (12023): Found entity 2: bitcompare_testbench
Info (12021): Found 2 design units, including 2 entities, in source file tow_count.sv
    Info (12023): Found entity 1: tow_count
    Info (12023): Found entity 2: tow_count_testbench
Info (12021): Found 1 design units, including 1 entities, in source file dynamichex.sv
    Info (12023): Found entity 1: dynamicHex
Info (12021): Found 1 design units, including 1 entities, in source file bufferhex.sv
    Info (12023): Found entity 1: bufferHex
Info (12021): Found 1 design units, including 1 entities, in source file alphahex.sv
    Info (12023): Found entity 1: alphaHex
Info (12021): Found 2 design units, including 2 entities, in source file scrollhex.sv
    Info (12023): Found entity 1: scrollHex
    Info (12023): Found entity 2: scrollHex_testbench
Info (12021): Found 2 design units, including 2 entities, in source file keyhandle.sv
    Info (12023): Found entity 1: keyHandle
    Info (12023): Found entity 2: keyHandle_testbench
Info (12021): Found 2 design units, including 2 entities, in source file decoder2_4.sv
    Info (12023): Found entity 1: decoder2_4
    Info (12023): Found entity 2: decoder2_4_testbench
Info (12021): Found 2 design units, including 2 entities, in source file numhex.sv
    Info (12023): Found entity 1: numHex
    Info (12023): Found entity 2: numHex_testbench
Info (12021): Found 2 design units, including 2 entities, in source file safehex.sv
    Info (12023): Found entity 1: safeHex
    Info (12023): Found entity 2: safeHex_testbench
Info (12021): Found 2 design units, including 2 entities, in source file segencoder7_4.sv
    Info (12023): Found entity 1: segEncoder7_4
    Info (12023): Found entity 2: segEncoder7_4_testbench
Info (12021): Found 0 design units, including 0 entities, in source file safeeval.sv
Info (12021): Found 1 design units, including 1 entities, in source file evalsafe.sv
    Info (12023): Found entity 1: evalSafe
Info (12021): Found 1 design units, including 1 entities, in source file evalencoder.sv
    Info (12023): Found entity 1: evalEncoder
Info (12021): Found 1 design units, including 1 entities, in source file safemarquee.sv
    Info (12023): Found entity 1: safeMarquee
Info (12021): Found 2 design units, including 2 entities, in source file stutter16.sv
    Info (12023): Found entity 1: stutter16
    Info (12023): Found entity 2: stutter_testbench
Info (12021): Found 1 design units, including 1 entities, in source file counttries.sv
    Info (12023): Found entity 1: countTries
Info (12127): Elaborating entity "DE1_SoC" for the top level hierarchy
Info (12128): Elaborating entity "clock_divider" for hierarchy "clock_divider:cdiv"
Info (12128): Elaborating entity "lsfr" for hierarchy "lsfr:dut"
Info (12128): Elaborating entity "keyHandle" for hierarchy "keyHandle:LeftScroll"
Info (12128): Elaborating entity "scrollHex" for hierarchy "scrollHex:scrl"
Info (12128): Elaborating entity "decoder2_4" for hierarchy "decoder2_4:dec"
Info (12128): Elaborating entity "safeHex" for hierarchy "safeHex:eachHex[0].displayUnit"
Info (12128): Elaborating entity "numHex" for hierarchy "safeHex:eachHex[0].displayUnit|numHex:unit"
Info (12128): Elaborating entity "segEncoder7_4" for hierarchy "segEncoder7_4:eachVal[0].encoderUnit"
Info (12128): Elaborating entity "evalSafe" for hierarchy "evalSafe:checker"
Info (12128): Elaborating entity "evalEncoder" for hierarchy "evalEncoder:countCorrect"
Info (12128): Elaborating entity "safeMarquee" for hierarchy "safeMarquee:hexd"
Info (12128): Elaborating entity "stutter16" for hierarchy "safeMarquee:hexd|stutter16:st"
Info (12128): Elaborating entity "seg7" for hierarchy "safeMarquee:hexd|seg7:h1"
Info (286030): Timing-Driven Synthesis is running
Info (17049): 23 registers lost all their fanouts during netlist optimizations.
Info (144001): Generated suppressed messages file C:/Users/hpadmin/workspace/ee271lab/output_files/DE1_SoC.map.smsg
Info (16010): Generating hard_block partition "hard_block:auto_generated_inst"
    Info (16011): Adding 0 node(s), including 0 DDIO, 0 PLL, 0 transceiver and 0 LCELL
Info (21057): Implemented 491 device resources after synthesis - the final resource count might be different
    Info (21058): Implemented 15 input pins
    Info (21059): Implemented 52 output pins
    Info (21061): Implemented 424 logic cells
Info: Quartus II 64-Bit Analysis & Synthesis was successful. 0 errors, 0 warnings
    Info: Peak virtual memory: 612 megabytes
    Info: Processing ended: Mon Mar 06 00:07:59 2017
    Info: Elapsed time: 00:00:04
    Info: Total CPU time (on all processors): 00:00:03


+------------------------------------------+
; Analysis & Synthesis Suppressed Messages ;
+------------------------------------------+
The suppressed messages can be found in C:/Users/hpadmin/workspace/ee271lab/output_files/DE1_SoC.map.smsg.


